 run starts at 2012-07-10 15:05:16.639   host: pauli.chemie.uni-mainz.de

 Version compiled Jul 10 CEST at 2012 on pauli.chemie.uni-mainz.de               

 compiled with: ifort
 level 1 optimization: -g -assume byterecl -i8 -traceback -DM_I686 -I../include -mo
 level 2 optimization: 
 level 3 optimization: 

        *-----------------------------------------------------------*
        |                                                           |
        |                         G e C C o                         |
        |          a string-based general contraction code          |
        |                                                           |
        |                                                           |
        |   principal author:                                       |
        |       andreas koehn (university of mainz, germany)        |
        |   contributing authors:                                   |
        |       jeppe olsen (university of aarhus, denmark)         |
        |       matthias hanauer (university of mainz, germany)     |
        |       gareth richings (university of mainz, germany)      |
        |                                                           |

        *-----------------------------------------------------------*

 Reading data from environment ....
 Environment type: DALTON
 raw data from section "SIR IPH "
 potnuc =    6.04302693535581     
 emy    =   -44.8649356820350     
 eactiv =   0.000000000000000E+000
 emcscf =   -38.8219087466791     
 istate =            1
 ispin  =            1
 nactel =            0
 lsym   =            1
 nsym   =            4
 mctype =            0
 nrhf   =    3   1   0   0   0   0   0   0
 nfro   =    0   0   0   0   0   0   0   0
 nish   =    3   1   0   0   0   0   0   0
 nash   =    0   0   0   0   0   0   0   0
 norb   =    7   4   2   0   0   0   0   0
 nbas   =    7   4   2   0   0   0   0   0
 nas1   =    0   0   0   0   0   0   0   0
 nas2   =    0   0   0   0   0   0   0   0
 nas3   =    0   0   0   0   0   0   0   0
 nnorbt,n2orbt:       41      69
 sym_bound_orbs:
    1   1   2   1
 n_freeze_rcmd:    1
 Reading input file ....
 Input file: CC-energy-I.inp
 +-----------------------------------------------------------------------------+
 general
  memmax=30000000
 orb_space
  shell type=frozen,def=(1,0,0,0)
  shell type=deleted,def=(2,1,0,0)
 method
   CC maxexc=3
 calculate
   solve non_linear method=diis,maxiter=25,conv=1d-10,maxsub=8
   routes contract=3,simtraf=1
 
 +-----------------------------------------------------------------------------+
I keyword hist
I   general
       memmax 2  1
  >               30000000
I   orb_space
I     shell
         type 8  6
  > frozen
         def 2  4
  >                      1                     0                     0
                     0
I     shell
         type 8  7
  > deleted
         def 2  4
  >                      2                     1                     0
                     0
I   method
I     CC
         maxexc 2  1
  >                      3
I   calculate
I     solve
I       non_linear
           method 8  4
  > diis
           maxiter 2  1
  >                     25
           conv 4  1
  >   1.000000000000000E-010
           maxsub 2  1
  >                      8
I     routes
         contract 2  1
  >                      3
         simtraf 2  1
  >                      1
I keyword hist
A   general
A   orb_space
A     shell
A     shell
A   method
A     CC
A   calculate
A     solve
A       non_linear
A     routes
 printlevel is set to                      3
 ------------------
  add_frozen_shell
 ------------------
  shell to add:                      1                     0
                     0                     0
  defined shells: 
   1     3   1   0   0
   2     4   3   2   0
  new shell definition: 
   1     1   0   0   0
   2     2   1   0   0
   3     4   3   2   0
 -------------------
  add_deleted_shell
 -------------------
  shell to add:                      2                     1
                     0                     0
  defined shells: 
   1     1   0   0   0
   2     2   1   0   0
   3     4   3   2   0
  new shell definition: 
   1     1   0   0   0
   2     2   1   0   0
   3     2   2   2   0
   4     2   1   0   0
 Memory set to     30000000 r8-words = (  228.88 Mb)
 real-word/integer-word ratio =                      1
 setting general targets ...
 setting general targets for MP/CC ...
 setting special targets for CC ...
 setting targets for CC properties ...
 My next target: H
 Rule: DEF_HAMILTONIAN
 Number of occupation classes for H:   14
 Rule: SET_HERMITIAN
 My next target: H0
 Rule: DEF_ME_LIST
 Rule: IMPORT
 number of incore-blocks in geth2:                      1
 size of buffer in geth2:        0.02Mb
 passes over integral file:                      1
 
 2-el. integrals on disk:                   2724
    thereof nonredundant:                    710
     integrals reordered:                   2505
 My next target: T
 Rule: DEF_EXCITATION
 Number of occupation classes for T:    3
 My next target: DIA
 Rule: CLONE_OPERATOR
 My next target: DIAG1SxxM00
 Rule: DEF_ME_LIST
 Rule: PRECONDITIONER
 set up diagonal from rank 1 part of H
 @ time in dia4op_ev                   cpu/sys/wall:      0.00 /     0.00 /     0.00 s
 @ time for diagonal                   cpu/sys/wall:      0.00 /     0.00 /     0.00 s
 My next target: L(CC)
 Rule: DEF_SCALAR
 Number of occupation classes for L(CC):    1
 My next target: TBAR
 Rule: CLONE_OPERATOR
 My next target: Lg0_CC
 Rule: DEF_CC_LAGRANGIAN
  ------------------------------------------
     L    number of   n-fold commutators
   class    terms    0    1    2    3    4
  ------------------------------------------
       0        4     1    2    1    0    0
       1       15     1    7    6    1    0
       2       37     1   10   18    7    1
       3       47     0    7   24   14    2
  ------------------------------------------
 wrote                    104  entries
 Number of generated terms:                    103
 @ CC Lagrangian                       cpu/sys/wall:      0.05 /     0.00 /     0.05 s
 Rule: TEX_FORMULA
 read                    104  entries
 A TeX formatted version of formula Lg0_CC
 is written to file: cc_lag.tex
 My next target: E(CC)
 Rule: DEF_SCALAR
 Number of occupation classes for E(CC):    1
 My next target: E0_CC
 Rule: INVARIANT
 read                    104  entries
 wrote                      6  entries
 My next target: OMG
 Rule: CLONE_OPERATOR
 My next target: OMG_CC
 Rule: DERIVATIVE
 My next target: DEF-O0
 Rule: DEF_ME_LIST
 My next target: DEF-T0
 Rule: DEF_ME_LIST
 My next target: DEF-E0(CC)
 Rule: DEF_ME_LIST
 My next target: Hhat
 Rule: DEF_HAMILTONIAN
 Number of occupation classes for Hhat:   14
 My next target: HT1TRF
 Rule: DEF_HHAT
 wrote                     58  entries
 @ CC Hhat                             cpu/sys/wall:      0.02 /     0.00 /     0.02 s
 My next target: DEF-Hhat
 Rule: DEF_ME_LIST
 My next target: OMG_CC_OPT
 Rule: OPTIMIZE
 +======================+
 | Formula optimization |
 +======================+
 Number of operators defined:                      8
 ----------------------------------------
  idx     op  vtx blk   current list
 ----------------------------------------
    1       H   1  14                H0
    2       T   1   3                T0
    3     DIA   1   3       DIAG1SxxM00
    4   L(CC)   1   1                  
    5    TBAR   1   3                  
    6   E(CC)   1   1            E0(CC)
    7     OMG   1   3                O0
    8    Hhat   1  14             H0hat
 ----------------------------------------
 Number of lists defined:                      6
 ------------------------------------------------------------------------------
  idx           list  sym spn      length   op.             file
 ------------------------------------------------------------------------------
    1              H0  1  0         2564        H                    H0_list.da
    2     DIAG1SxxM00  1  0          530      DIA           DIAG1SxxM00_list.da
    3              O0  1  0          530      OMG                    O0_list.da
    4              T0  1  0          530        T                    T0_list.da
    5          E0(CC)  1  0            1    E(CC)                E0(CC)_list.da
    6           H0hat  1  0         2564     Hhat                 H0hat_list.da
 ------------------------------------------------------------------------------
 Reading in:
  -- E0_CC
 read                      5  entries
  -- OMG_CC
 read                    100  entries
  I will factor out the intermediate: HT1TRF ...
 read                     58  entries
  Now looking for the optimal factorization of terms ...
 testing new factorization
  Formula factorization
 -----------------------
  Summary
 ---------
 Most expensive contractions: 
  term #   93 - H^ 4 P^ 4 V^ 0 X^ 0 - flops:  0.344E+06(  22.0%)
  term #   83 - H^ 4 P^ 4 V^ 0 X^ 0 - flops:  0.321E+06(  20.5%)
  term #   94 - H^ 3 P^ 4 V^ 0 X^ 0 - flops:  0.107E+06(   6.8%)
  term #   89 - H^ 3 P^ 4 V^ 0 X^ 0 - flops:  0.100E+06(   6.4%)
  term #   84 - H^ 3 P^ 5 V^ 0 X^ 0 - flops:  0.653E+05(   4.2%)
 Formally most expensive contractions: 
  term #   84 - H^ 3 P^ 5 V^ 0 X^ 0
  term #   93 - H^ 4 P^ 4 V^ 0 X^ 0
  term #   83 - H^ 4 P^ 4 V^ 0 X^ 0
  term #   95 - H^ 5 P^ 3 V^ 0 X^ 0
  term #   91 - H^ 5 P^ 3 V^ 0 X^ 0
 Largest intermediates occur in: 
  term #   52 - H^ 1 P^ 3 V^ 0 X^ 0 - Mb:     0.396E-01
  term #   77 - H^ 2 P^ 2 V^ 0 X^ 0 - Mb:     0.396E-01
  term #   36 - H^ 2 P^ 2 V^ 0 X^ 0 - Mb:     0.396E-01
  term #   35 - H^ 2 P^ 2 V^ 0 X^ 0 - Mb:     0.396E-01
  term #   93 - H^ 3 P^ 3 V^ 0 X^ 0 - Mb:     0.396E-01
 -------------------------------------------------------
 Numbers of terms per formal scaling
 -------------------------------------------------------
 H^ 0 P^ 0 V^ 0 X^ 0 - number of terms:               17
 H^ 1 P^ 1 V^ 0 X^ 0 - number of terms:                1
 H^ 2 P^ 1 V^ 0 X^ 0 - number of terms:                3
 H^ 3 P^ 1 V^ 0 X^ 0 - number of terms:                2
 H^ 4 P^ 1 V^ 0 X^ 0 - number of terms:                3
 H^ 1 P^ 2 V^ 0 X^ 0 - number of terms:                2
 H^ 2 P^ 2 V^ 0 X^ 0 - number of terms:                8
 H^ 3 P^ 2 V^ 0 X^ 0 - number of terms:               14
 H^ 4 P^ 2 V^ 0 X^ 0 - number of terms:                2
 H^ 1 P^ 3 V^ 0 X^ 0 - number of terms:                2
 H^ 2 P^ 3 V^ 0 X^ 0 - number of terms:               11
 H^ 3 P^ 3 V^ 0 X^ 0 - number of terms:                4
 H^ 4 P^ 3 V^ 0 X^ 0 - number of terms:                8
 H^ 5 P^ 3 V^ 0 X^ 0 - number of terms:                4
 H^ 1 P^ 4 V^ 0 X^ 0 - number of terms:                5
 H^ 2 P^ 4 V^ 0 X^ 0 - number of terms:                1
 H^ 3 P^ 4 V^ 0 X^ 0 - number of terms:                6
 H^ 4 P^ 4 V^ 0 X^ 0 - number of terms:                2
 H^ 3 P^ 5 V^ 0 X^ 0 - number of terms:                1
 -------------------------------------------------------
 @ factorization                       cpu/sys/wall:      0.14 /     0.07 /     0.21 s
 wrote                    190  entries
 My next target: SOLVE-CC-GS
 Rule: SOLVE_NLEQ
 set_opti_info_signs:
 --------------------
nsec:        1
nwfpsec:      530
idstsec:        1
signsec :      1.0
signsec2:      1.0
 read                    189  entries
 Optimization algorithm:          DIIS
 Max. number of iterations:         25
 Threshold for residual:      0.10E-09
 @ time for target                     cpu/sys/wall:      0.03 /     0.02 /     0.06 s
 term #    58:    -38.82190875        -38.82190875    
 term #    59:     0.000000000        -38.82190875    
 @ time for target                     cpu/sys/wall:      0.00 /     0.00 /     0.00 s
 @ time for target                     cpu/sys/wall:      0.04 /     0.01 /     0.06 s
 @ formula evaluation                  cpu/sys/wall:      0.07 /     0.03 /     0.12 s
 ME list not buffered!
 norm of block                      1 :   1.089815624252692E-009
 norm of block                      2 :   0.214489686357932     
 norm of block                      3 :   0.000000000000000E+000
 total norm of residual:   0.214489686357932     
>>>  1        -38.821908746679 0.2145    
 @ time in optimizer                   cpu/sys/wall:      0.00 /     0.00 /     0.00 s
 @ time for target                     cpu/sys/wall:      0.05 /     0.03 /     0.09 s
 term #    58:    -38.82190875        -38.82190875    
 term #    59:   -0.2393962394E-01    -38.84584837    
 @ time for target                     cpu/sys/wall:      0.00 /     0.00 /     0.00 s
 @ time for target                     cpu/sys/wall:      0.06 /     0.03 /     0.10 s
 @ formula evaluation                  cpu/sys/wall:      0.11 /     0.06 /     0.20 s
 ME list not buffered!
 norm of block                      1 :   1.258594821922047E-002
 norm of block                      2 :   6.135132074933154E-002
 norm of block                      3 :   2.790875729866200E-002
 total norm of residual:   6.856594916005959E-002
>>>  2        -38.845848370621 0.6857E-01
 @ time in optimizer                   cpu/sys/wall:      0.00 /     0.00 /     0.00 s
 @ time for target                     cpu/sys/wall:      0.06 /     0.03 /     0.09 s
 term #    58:    -38.82188836        -38.82188836    
 term #    59:   -0.3183302506E-01    -38.85372138    
 @ time for target                     cpu/sys/wall:      0.00 /     0.00 /     0.00 s
 @ time for target                     cpu/sys/wall:      0.08 /     0.05 /     0.13 s
 @ formula evaluation                  cpu/sys/wall:      0.14 /     0.08 /     0.22 s
 ME list not buffered!
 norm of block                      1 :   3.199292936536713E-003
 norm of block                      2 :   2.536159979788674E-002
 norm of block                      3 :   1.101967797434864E-002
 total norm of residual:   2.783665788596553E-002
>>>  3        -38.853721382358 0.2784E-01
 @ time in optimizer                   cpu/sys/wall:      0.00 /     0.00 /     0.00 s
 @ time for target                     cpu/sys/wall:      0.05 /     0.02 /     0.09 s
 term #    58:    -38.82188417        -38.82188417    
 term #    59:   -0.3539948136E-01    -38.85728365    
 @ time for target                     cpu/sys/wall:      0.00 /     0.00 /     0.00 s
 @ time for target                     cpu/sys/wall:      0.08 /     0.05 /     0.13 s
 @ formula evaluation                  cpu/sys/wall:      0.13 /     0.07 /     0.22 s
 ME list not buffered!
 norm of block                      1 :   1.799289898314093E-003
 norm of block                      2 :   1.393568303148564E-002
 norm of block                      3 :   6.276744711077500E-003
 total norm of residual:   1.538954937157847E-002
>>>  4        -38.857283648108 0.1539E-01
 @ time in optimizer                   cpu/sys/wall:      0.00 /     0.00 /     0.00 s
 @ time for target                     cpu/sys/wall:      0.05 /     0.03 /     0.09 s
 term #    58:    -38.82188503        -38.82188503    
 term #    59:   -0.3688974302E-01    -38.85877477    
 @ time for target                     cpu/sys/wall:      0.00 /     0.00 /     0.00 s
 @ time for target                     cpu/sys/wall:      0.08 /     0.04 /     0.13 s
 @ formula evaluation                  cpu/sys/wall:      0.13 /     0.07 /     0.22 s
 ME list not buffered!
 norm of block                      1 :   7.589556506655817E-004
 norm of block                      2 :   8.428851612467791E-003
 norm of block                      3 :   4.374425833383770E-003
 total norm of residual:   9.526654951054614E-003
>>>  5        -38.858774772101 0.9527E-02
 @ time in optimizer                   cpu/sys/wall:      0.00 /     0.00 /     0.00 s
 @ time for target                     cpu/sys/wall:      0.05 /     0.03 /     0.09 s
 term #    58:    -38.82188379        -38.82188379    
 term #    59:   -0.3737267783E-01    -38.85925647    
 @ time for target                     cpu/sys/wall:      0.00 /     0.00 /     0.00 s
 @ time for target                     cpu/sys/wall:      0.08 /     0.04 /     0.13 s
 @ formula evaluation                  cpu/sys/wall:      0.13 /     0.07 /     0.22 s
 ME list not buffered!
 norm of block                      1 :   4.477530255289487E-004
 norm of block                      2 :   4.353239333321440E-003
 norm of block                      3 :   2.116494820990374E-003
 total norm of residual:   4.861144494080206E-003
>>>  6        -38.859256467423 0.4861E-02
 @ time in optimizer                   cpu/sys/wall:      0.00 /     0.00 /     0.00 s
 @ time for target                     cpu/sys/wall:      0.05 /     0.03 /     0.09 s
 term #    58:    -38.82188359        -38.82188359    
 term #    59:   -0.3762899085E-01    -38.85951258    
 @ time for target                     cpu/sys/wall:      0.00 /     0.00 /     0.00 s
 @ time for target                     cpu/sys/wall:      0.08 /     0.04 /     0.13 s
 @ formula evaluation                  cpu/sys/wall:      0.13 /     0.07 /     0.22 s
 ME list not buffered!
 norm of block                      1 :   3.502278113728318E-004
 norm of block                      2 :   1.000114510584614E-003
 norm of block                      3 :   9.602744707192486E-004
 total norm of residual:   1.430040423644044E-003
>>>  7        -38.859512581736 0.1430E-02
 @ time in optimizer                   cpu/sys/wall:      0.00 /     0.01 /     0.00 s
 @ time for target                     cpu/sys/wall:      0.05 /     0.02 /     0.09 s
 term #    58:    -38.82188418        -38.82188418    
 term #    59:   -0.3768440835E-01    -38.85956859    
 @ time for target                     cpu/sys/wall:      0.00 /     0.00 /     0.00 s
 @ time for target                     cpu/sys/wall:      0.08 /     0.05 /     0.13 s
 @ formula evaluation                  cpu/sys/wall:      0.13 /     0.07 /     0.22 s
 ME list not buffered!
 norm of block                      1 :   9.571921345447839E-005
 norm of block                      2 :   1.938546401710763E-004
 norm of block                      3 :   2.874521406259510E-004
 total norm of residual:   3.596811400263336E-004
>>>  8        -38.859568589255 0.3597E-03
 @ time in optimizer                   cpu/sys/wall:      0.00 /     0.00 /     0.00 s
 @ time for target                     cpu/sys/wall:      0.05 /     0.03 /     0.09 s
 term #    58:    -38.82188428        -38.82188428    
 term #    59:   -0.3768734371E-01    -38.85957162    
 @ time for target                     cpu/sys/wall:      0.00 /     0.00 /     0.00 s
 @ time for target                     cpu/sys/wall:      0.08 /     0.04 /     0.13 s
 @ formula evaluation                  cpu/sys/wall:      0.13 /     0.07 /     0.22 s
 ME list not buffered!
 norm of block                      1 :   1.608405655997094E-005
 norm of block                      2 :   3.735964694286453E-005
 norm of block                      3 :   8.074923053221330E-005
 total norm of residual:   9.041503374253841E-005
>>>  9        -38.859571619048 0.9042E-04
 @ time in optimizer                   cpu/sys/wall:      0.00 /     0.00 /     0.00 s
 @ time for target                     cpu/sys/wall:      0.05 /     0.03 /     0.09 s
 term #    58:    -38.82188426        -38.82188426    
 term #    59:   -0.3768609234E-01    -38.85957035    
 @ time for target                     cpu/sys/wall:      0.01 /     0.00 /     0.00 s
 @ time for target                     cpu/sys/wall:      0.07 /     0.04 /     0.13 s
 @ formula evaluation                  cpu/sys/wall:      0.13 /     0.07 /     0.22 s
 ME list not buffered!
 norm of block                      1 :   3.059768700735366E-006
 norm of block                      2 :   1.153256915639507E-005
 norm of block                      3 :   2.721395441441444E-005
 total norm of residual:   2.971467063116907E-005
>>> 10        -38.859570354058 0.2971E-04
 @ time in optimizer                   cpu/sys/wall:      0.00 /     0.00 /     0.00 s
 @ time for target                     cpu/sys/wall:      0.06 /     0.03 /     0.09 s
 term #    58:    -38.82188427        -38.82188427    
 term #    59:   -0.3768643671E-01    -38.85957070    
 @ time for target                     cpu/sys/wall:      0.00 /     0.00 /     0.00 s
 @ time for target                     cpu/sys/wall:      0.07 /     0.04 /     0.13 s
 @ formula evaluation                  cpu/sys/wall:      0.13 /     0.07 /     0.22 s
 ME list not buffered!
 norm of block                      1 :   6.240484025987883E-007
 norm of block                      2 :   2.519550904197644E-006
 norm of block                      3 :   8.848258267638321E-006
 total norm of residual:   9.221130491347532E-006
>>> 11        -38.859570702039 0.9221E-05
 @ time in optimizer                   cpu/sys/wall:      0.00 /     0.00 /     0.00 s
 @ time for target                     cpu/sys/wall:      0.06 /     0.03 /     0.09 s
 term #    58:    -38.82188427        -38.82188427    
 term #    59:   -0.3768641527E-01    -38.85957068    
 @ time for target                     cpu/sys/wall:      0.00 /     0.00 /     0.00 s
 @ time for target                     cpu/sys/wall:      0.08 /     0.05 /     0.13 s
 @ formula evaluation                  cpu/sys/wall:      0.14 /     0.08 /     0.22 s
 ME list not buffered!
 norm of block                      1 :   2.498454744696258E-007
 norm of block                      2 :   1.150524888346136E-006
 norm of block                      3 :   2.994168636182125E-006
 total norm of residual:   3.217324369987205E-006
>>> 12        -38.859570681401 0.3217E-05
 @ time in optimizer                   cpu/sys/wall:      0.00 /     0.00 /     0.00 s
 @ time for target                     cpu/sys/wall:      0.05 /     0.02 /     0.09 s
 term #    58:    -38.82188427        -38.82188427    
 term #    59:   -0.3768642709E-01    -38.85957069    
 @ time for target                     cpu/sys/wall:      0.00 /     0.00 /     0.00 s
 @ time for target                     cpu/sys/wall:      0.08 /     0.05 /     0.13 s
 @ formula evaluation                  cpu/sys/wall:      0.13 /     0.07 /     0.22 s
 ME list not buffered!
 norm of block                      1 :   1.155038468004745E-007
 norm of block                      2 :   4.194387973403286E-007
 norm of block                      3 :   6.413531508000339E-007
 total norm of residual:   7.749863917393258E-007
>>> 13        -38.859570693245 0.7750E-06
 @ time in optimizer                   cpu/sys/wall:      0.00 /     0.00 /     0.00 s
 @ time for target                     cpu/sys/wall:      0.05 /     0.03 /     0.09 s
 term #    58:    -38.82188427        -38.82188427    
 term #    59:   -0.3768642367E-01    -38.85957069    
 @ time for target                     cpu/sys/wall:      0.00 /     0.00 /     0.00 s
 @ time for target                     cpu/sys/wall:      0.08 /     0.04 /     0.14 s
 @ formula evaluation                  cpu/sys/wall:      0.13 /     0.07 /     0.23 s
 ME list not buffered!
 norm of block                      1 :   2.580227494387048E-008
 norm of block                      2 :   1.246153258356499E-007
 norm of block                      3 :   1.647827299806969E-007
 total norm of residual:   2.082020291094579E-007
>>> 14        -38.859570689591 0.2082E-06
 @ time in optimizer                   cpu/sys/wall:      0.00 /     0.00 /     0.00 s
 @ time for target                     cpu/sys/wall:      0.05 /     0.03 /     0.11 s
 term #    58:    -38.82188427        -38.82188427    
 term #    59:   -0.3768642885E-01    -38.85957069    
 @ time for target                     cpu/sys/wall:      0.00 /     0.00 /     0.00 s
 @ time for target                     cpu/sys/wall:      0.08 /     0.05 /     0.13 s
 @ formula evaluation                  cpu/sys/wall:      0.13 /     0.08 /     0.24 s
 ME list not buffered!
 norm of block                      1 :   6.958438173255376E-009
 norm of block                      2 :   3.637259802052894E-008
 norm of block                      3 :   3.828534263197704E-008
 total norm of residual:   5.326493414078237E-008
>>> 15        -38.859570694758 0.5326E-07
 @ time in optimizer                   cpu/sys/wall:      0.00 /     0.00 /     0.00 s
 @ time for target                     cpu/sys/wall:      0.06 /     0.03 /     0.09 s
 term #    58:    -38.82188427        -38.82188427    
 term #    59:   -0.3768642835E-01    -38.85957069    
 @ time for target                     cpu/sys/wall:      0.00 /     0.00 /     0.00 s
 @ time for target                     cpu/sys/wall:      0.07 /     0.04 /     0.13 s
 @ formula evaluation                  cpu/sys/wall:      0.13 /     0.07 /     0.22 s
 ME list not buffered!
 norm of block                      1 :   1.735305463645296E-009
 norm of block                      2 :   1.292502890518640E-008
 norm of block                      3 :   1.088543878076746E-008
 total norm of residual:   1.698706668915789E-008
>>> 16        -38.859570694244 0.1699E-07
 @ time in optimizer                   cpu/sys/wall:      0.00 /     0.00 /     0.00 s
 @ time for target                     cpu/sys/wall:      0.06 /     0.03 /     0.09 s
 term #    58:    -38.82188427        -38.82188427    
 term #    59:   -0.3768642737E-01    -38.85957069    
 @ time for target                     cpu/sys/wall:      0.00 /     0.00 /     0.00 s
 @ time for target                     cpu/sys/wall:      0.07 /     0.04 /     0.13 s
 @ formula evaluation                  cpu/sys/wall:      0.13 /     0.07 /     0.22 s
 ME list not buffered!
 norm of block                      1 :   5.871946433351224E-010
 norm of block                      2 :   4.091250836365062E-009
 norm of block                      3 :   3.750873934270576E-009
 total norm of residual:   5.581414357132941E-009
>>> 17        -38.859570693272 0.5581E-08
 @ time in optimizer                   cpu/sys/wall:      0.00 /     0.00 /     0.00 s
 @ time for target                     cpu/sys/wall:      0.06 /     0.03 /     0.09 s
 term #    58:    -38.82188427        -38.82188427    
 term #    59:   -0.3768642687E-01    -38.85957069    
 @ time for target                     cpu/sys/wall:      0.00 /     0.00 /     0.00 s
 @ time for target                     cpu/sys/wall:      0.07 /     0.04 /     0.13 s
 @ formula evaluation                  cpu/sys/wall:      0.13 /     0.07 /     0.22 s
 ME list not buffered!
 norm of block                      1 :   3.600648615511780E-010
 norm of block                      2 :   1.191725969903553E-009
 norm of block                      3 :   1.448381962183475E-009
 total norm of residual:   1.909886855351616E-009
>>> 18        -38.859570692770 0.1910E-08
 @ time in optimizer                   cpu/sys/wall:      0.00 /     0.00 /     0.00 s
 @ time for target                     cpu/sys/wall:      0.05 /     0.03 /     0.09 s
 term #    58:    -38.82188427        -38.82188427    
 term #    59:   -0.3768642679E-01    -38.85957069    
 @ time for target                     cpu/sys/wall:      0.00 /     0.00 /     0.00 s
 @ time for target                     cpu/sys/wall:      0.08 /     0.05 /     0.13 s
 @ formula evaluation                  cpu/sys/wall:      0.13 /     0.08 /     0.22 s
 ME list not buffered!
 norm of block                      1 :   1.210754175122669E-010
 norm of block                      2 :   4.739455251938307E-010
 norm of block                      3 :   5.198649479808347E-010
 total norm of residual:   7.138229344285190E-010
>>> 19        -38.859570692683 0.7138E-09
 @ time in optimizer                   cpu/sys/wall:      0.00 /     0.00 /     0.00 s
 @ time for target                     cpu/sys/wall:      0.05 /     0.02 /     0.09 s
 term #    58:    -38.82188427        -38.82188427    
 term #    59:   -0.3768642677E-01    -38.85957069    
 @ time for target                     cpu/sys/wall:      0.00 /     0.00 /     0.00 s
 @ time for target                     cpu/sys/wall:      0.08 /     0.05 /     0.13 s
 @ formula evaluation                  cpu/sys/wall:      0.13 /     0.07 /     0.22 s
 ME list not buffered!
 norm of block                      1 :   2.992354191515555E-011
 norm of block                      2 :   2.354608413065526E-010
 norm of block                      3 :   2.066694035318134E-010
 total norm of residual:   3.147212552493605E-010
>>> 20        -38.859570692663 0.3147E-09
 @ time in optimizer                   cpu/sys/wall:      0.00 /     0.00 /     0.00 s
 @ time for target                     cpu/sys/wall:      0.05 /     0.03 /     0.09 s
 term #    58:    -38.82188427        -38.82188427    
 term #    59:   -0.3768642675E-01    -38.85957069    
 @ time for target                     cpu/sys/wall:      0.00 /     0.00 /     0.00 s
 @ time for target                     cpu/sys/wall:      0.08 /     0.04 /     0.13 s
 @ formula evaluation                  cpu/sys/wall:      0.13 /     0.07 /     0.22 s
 ME list not buffered!
 norm of block                      1 :   1.288020710856183E-011
 norm of block                      2 :   9.414775238780984E-011
 norm of block                      3 :   8.816776344331570E-011
 total norm of residual:   1.296273641073993E-010
>>> 21        -38.859570692646 0.1296E-09
 @ time in optimizer                   cpu/sys/wall:      0.00 /     0.00 /     0.00 s
 @ time for target                     cpu/sys/wall:      0.05 /     0.03 /     0.09 s
 term #    58:    -38.82188427        -38.82188427    
 term #    59:   -0.3768642674E-01    -38.85957069    
 @ time for target                     cpu/sys/wall:      0.00 /     0.00 /     0.00 s
 @ time for target                     cpu/sys/wall:      0.08 /     0.04 /     0.13 s
 @ formula evaluation                  cpu/sys/wall:      0.13 /     0.07 /     0.22 s
 ME list not buffered!
 norm of block                      1 :   4.214256793229418E-012
 norm of block                      2 :   2.694358363849525E-011
 norm of block                      3 :   3.517199252718731E-011
 total norm of residual:   4.450601889560994E-011
>>> 22        -38.859570692641 0.4451E-10
 CONVERGED IN    22 ITERATIONS
>>> final energy:        -38.859570692641 <<<
 ... all targets processed!
 +----------------------------------------------------------------------------+
   Maximum allocated memory:   27083191 real(8)-words (  206.63 Mb)
   Largest memory block:       26257755 real(8)-words (  200.33 Mb)
   Name of largest block:    contr1.contr_scr
 +----------------------------------------------------------------------------+
 @ total time in GeCCo run             cpu/sys/wall:      3.08 /     1.63 /     5.17 s
 run ends at 2012-07-10 15:05:21.805   host: pauli.chemie.uni-mainz.de
