
 Version compiled 4 Jan 2008 at 21:18:15 on paulchen                             

 compiled with: ifort
 level 1 optimization: -g -assume byterecl -traceback -I../include -g
 level 2 optimization: 
 level 3 optimization: 

        *-----------------------------------------------------------*
        |                                                           |
        |                         G e C C o                         |
        |          a string-based general contraction code          |
        |                                                           |
        |                                                           |
        |   principal author:                                       |
        |       andreas koehn (university of mainz, germany)        |
        |   contributing authors:                                   |
        |       jeppe olsen (university of aarhus, denmark)         |
        |       gareth richings (university of mainz, germany)      |
        |                                                           |
        *-----------------------------------------------------------*

 Reading data from environment ....
 raw data from section "SIR IPH "
 potnuc =    6.04302693535581     
 emy    =   -44.8649356820350     
 eactiv =   0.000000000000000E+000
 emcscf =   -38.8219087466791     
 istate =            1
 ispin  =            1
 nactel =            0
 lsym   =            1
 nsym   =            4
 mctype =            0
 nrhf   =    3   1   0   0   0   0   0   0
 nfro   =    0   0   0   0   0   0   0   0
 nish   =    3   1   0   0   0   0   0   0
 nash   =    0   0   0   0   0   0   0   0
 norb   =    7   4   2   0   0   0   0   0
 nbas   =    7   4   2   0   0   0   0   0
 nas1   =    0   0   0   0   0   0   0   0
 nas2   =    0   0   0   0   0   0   0   0
 nas3   =    0   0   0   0   0   0   0   0
 nnorbt,n2orbt:   41  69
 Reading input file ....
I gecco keywords
I   general
       title 8 **
       memmax 2  1
  >     50000000
I   orb_space
I     shell
         def 2  8
         type 8  8
I   method
I     CC
         maxexc 2  1
  >            2
         minexc 2  1
  >            1
I     R12
         ansatz 2  1
  >            1
         triples 2  1
  >            0
I   calculate
I     solve
         maxiter 2  1
  >           30
         maxmic 2  1
  >           20
         maxsub 2  1
  >            8
         conv 4  1
  >   1.000000000000000E-006
I       non_linear
           maxiter 2  1
  >           30
           maxmic 2  1
  >           20
           maxsub 2  1
  >            8
           conv 4  1
  >   1.000000000000000E-006
           tr_ini 4  1
  >    1.00000000000000     
           method 8  8
  > diis    
I       linear
           maxiter 2  1
  >           30
           maxsub 2  1
  >            8
           conv 4  1
  >   1.000000000000000E-006
           method 8  8
  > subspace
I       eigen
           maxiter 2  1
  >           30
           maxsub 2  1
  >            8
           conv 4  1
  >   1.000000000000000E-006
           method 8  8
  > davidson
I     CC_solve_tbar
I     CC_solve_sim
I     properties
I     excitation
         sym 2  8
  >            1           0           0           0           0           0
           0           0
I     ionization
         sym 2  8
  >            1           0           0           0           0           0
           0           0
I     routes
         schedule 2  1
  >            0
         contract 2  1
  >            2
         str_block 2  1
  >          200
         simtraf 2  1
  >            0
 ------------------
  add_frozen_shell
 ------------------
  shell to add:            1           0           0           0
  defined shells: 
   1     3   1   0   0
   2     4   3   2   0
  new shell definition: 
   1     1   0   0   0
   2     2   1   0   0
   3     4   3   2   0
 Memory set to     30000000 r8-words = (  228.88 Mb)
 setting operator targets for CC ...
 setting formula targets for CC ...
 setting list targets for CC ...
 My next target: L(CC)
 Rule: DEF_SCALAR
 My next target: H
 Rule: DEF_HAMILTONIAN
 My next target: T
 Rule: DEF_EXCITATION
 My next target: TBAR
 Rule: CLONE_OPERATOR
 My next target: Lg0_CC
 Rule: DEF_CC_LAGRANGIAN
  ------------------------------------------
     L    number of   n-fold commutators
   class    terms    0    1    2    3    4
  ------------------------------------------
       0        4     1    2    1    0    0
       1       15     1    7    6    1    0
       2       37     1   10   18    7    1
       3       47     0    7   24   14    2
  ------------------------------------------
 Number of generated terms:          103
 @ CC Lagrangian                       cpu/sys/wall:      0.15 /     0.00 /     0.15 s
 My next target: H0
 Rule: DEF_ME_LIST
 set_new_graph:            1
 set_new_graph:            2
 set_new_graph:            3
 set_new_graph:            4
 Rule: IMPORT
 number of incore-blocks in geth2:            3
 size of buffer in geth2:        0.07Mb
 passes over integral file:            1
 
 2-el. integrals on disk:         2724
    thereof nonredundant:         1086
     integrals reordered:         8808
 
 imported list: H0
  block no.    1 len =            1
  Ms(A) =   0/2  IRREP(A) =  1  len =            1  norm =  38.8219    
 norm (MS-Block) =    38.8219087466791     
  block no.    2 len =           10
  Ms(A) =   1/2  IRREP(A) =  1  len =            4  norm = 0.974647    
  Ms(A) =   1/2  IRREP(A) =  2  len =            1  norm = 0.569759    
 norm (MS-Block) =    1.12896548938274     
  Ms(A) =  -1/2  IRREP(A) =  1  len =            4  norm = 0.974647    
  Ms(A) =  -1/2  IRREP(A) =  2  len =            1  norm = 0.569759    
 norm (MS-Block) =    1.12896548938274     
  block no.    3 len =           22
  Ms(A) =   1/2  IRREP(A) =  1  len =            8  norm = 0.104985E-08
  Ms(A) =   1/2  IRREP(A) =  2  len =            3  norm = 0.462445E-09
 norm (MS-Block) =   1.147185361293532E-009
  Ms(A) =  -1/2  IRREP(A) =  1  len =            8  norm = 0.104985E-08
  Ms(A) =  -1/2  IRREP(A) =  2  len =            3  norm = 0.462445E-09
 norm (MS-Block) =   1.147185361293532E-009
  block no.    4 len =           22
  Ms(A) =   1/2  IRREP(A) =  1  len =            8  norm = 0.104985E-08
  Ms(A) =   1/2  IRREP(A) =  2  len =            3  norm = 0.462445E-09
 norm (MS-Block) =   1.147185361293532E-009
  Ms(A) =  -1/2  IRREP(A) =  1  len =            8  norm = 0.104985E-08
  Ms(A) =  -1/2  IRREP(A) =  2  len =            3  norm = 0.462445E-09
 norm (MS-Block) =   1.147185361293532E-009
  block no.    5 len =           58
  Ms(A) =   1/2  IRREP(A) =  1  len =           16  norm =  1.34394    
  Ms(A) =   1/2  IRREP(A) =  2  len =            9  norm =  1.13870    
  Ms(A) =   1/2  IRREP(A) =  3  len =            4  norm = 0.741359    
 norm (MS-Block) =    1.91113048814630     
  Ms(A) =  -1/2  IRREP(A) =  1  len =           16  norm =  1.34394    
  Ms(A) =  -1/2  IRREP(A) =  2  len =            9  norm =  1.13870    
  Ms(A) =  -1/2  IRREP(A) =  3  len =            4  norm = 0.741359    
 norm (MS-Block) =    1.91113048814630     
  block no.    6 len =           51
  Ms(A) =   2/2  IRREP(A) =  1  len =            1  norm = 0.399088    
  Ms(A) =   2/2  IRREP(A) =  2  len =            4  norm = 0.562555    
 norm (MS-Block) =   0.689739167749660     
  Ms(A) =   0/2  IRREP(A) =  1  len =           25  norm =  1.19779    
  Ms(A) =   0/2  IRREP(A) =  2  len =           16  norm = 0.990765    
 norm (MS-Block) =    1.55444796745539     
  Ms(A) =  -2/2  IRREP(A) =  1  len =            1  norm = 0.399088    
  Ms(A) =  -2/2  IRREP(A) =  2  len =            4  norm = 0.562555    
 norm (MS-Block) =   0.689739167749660     
  block no.    7 len =          252
  Ms(A) =   2/2  IRREP(A) =  1  len =           11  norm = 0.138481    
  Ms(A) =   2/2  IRREP(A) =  2  len =           20  norm = 0.196248    
 norm (MS-Block) =   0.240188079659063     
  Ms(A) =   0/2  IRREP(A) =  1  len =          110  norm = 0.407941    
  Ms(A) =   0/2  IRREP(A) =  2  len =           80  norm = 0.365993    
 norm (MS-Block) =   0.548057473017485     
  Ms(A) =  -2/2  IRREP(A) =  1  len =           11  norm = 0.138481    
  Ms(A) =  -2/2  IRREP(A) =  2  len =           20  norm = 0.196248    
 norm (MS-Block) =   0.240188079659063     
  block no.    8 len =          309
  Ms(A) =   2/2  IRREP(A) =  1  len =           10  norm = 0.516990E-01
  Ms(A) =   2/2  IRREP(A) =  2  len =           24  norm = 0.838273E-01
 norm (MS-Block) =   9.848752690352781E-002
  Ms(A) =   0/2  IRREP(A) =  1  len =          145  norm = 0.298403    
  Ms(A) =   0/2  IRREP(A) =  2  len =           96  norm = 0.212607    
 norm (MS-Block) =   0.366396112634608     
  Ms(A) =  -2/2  IRREP(A) =  1  len =           10  norm = 0.516990E-01
  Ms(A) =  -2/2  IRREP(A) =  2  len =           24  norm = 0.838273E-01
 norm (MS-Block) =   9.848752690352781E-002
  block no.    9 len =          252
  Ms(A) =   2/2  IRREP(A) =  1  len =           11  norm = 0.138481    
  Ms(A) =   2/2  IRREP(A) =  2  len =           20  norm = 0.196248    
 norm (MS-Block) =   0.240188079659063     
  Ms(A) =   0/2  IRREP(A) =  1  len =          110  norm = 0.407941    
  Ms(A) =   0/2  IRREP(A) =  2  len =           80  norm = 0.365993    
 norm (MS-Block) =   0.548057473017485     
  Ms(A) =  -2/2  IRREP(A) =  1  len =           11  norm = 0.138481    
  Ms(A) =  -2/2  IRREP(A) =  2  len =           20  norm = 0.196248    
 norm (MS-Block) =   0.240188079659063     
  block no.   10 len =         1446
  Ms(A) =   2/2  IRREP(A) =  1  len =          121  norm =  1.20098    
  Ms(A) =   2/2  IRREP(A) =  2  len =          100  norm =  1.18460    
  Ms(A) =   2/2  IRREP(A) =  3  len =           16  norm = 0.880982    
  Ms(A) =   2/2  IRREP(A) =  4  len =            4  norm = 0.601055    
 norm (MS-Block) =    1.99574961774712     
  Ms(A) =   0/2  IRREP(A) =  1  len =          484  norm =  2.00491    
  Ms(A) =   0/2  IRREP(A) =  2  len =          400  norm =  1.86579    
  Ms(A) =   0/2  IRREP(A) =  3  len =           64  norm =  1.38201    
  Ms(A) =   0/2  IRREP(A) =  4  len =           16  norm = 0.879564    
 norm (MS-Block) =    3.19129985578798     
  Ms(A) =  -2/2  IRREP(A) =  1  len =          121  norm =  1.20098    
  Ms(A) =  -2/2  IRREP(A) =  2  len =          100  norm =  1.18460    
  Ms(A) =  -2/2  IRREP(A) =  3  len =           16  norm = 0.880982    
  Ms(A) =  -2/2  IRREP(A) =  4  len =            4  norm = 0.601055    
 norm (MS-Block) =    1.99574961774712     
  block no.   11 len =         1842
  Ms(A) =   2/2  IRREP(A) =  1  len =          110  norm = 0.194120    
  Ms(A) =   2/2  IRREP(A) =  2  len =          120  norm = 0.265759    
  Ms(A) =   2/2  IRREP(A) =  3  len =           32  norm = 0.227413    
  Ms(A) =   2/2  IRREP(A) =  4  len =           12  norm = 0.174775    
 norm (MS-Block) =   0.436547327570825     
  Ms(A) =   0/2  IRREP(A) =  1  len =          638  norm = 0.512571    
  Ms(A) =   0/2  IRREP(A) =  2  len =          480  norm = 0.468936    
  Ms(A) =   0/2  IRREP(A) =  3  len =          128  norm = 0.420683    
  Ms(A) =   0/2  IRREP(A) =  4  len =           48  norm = 0.278522    
 norm (MS-Block) =   0.858591396129372     
  Ms(A) =  -2/2  IRREP(A) =  1  len =          110  norm = 0.194120    
  Ms(A) =  -2/2  IRREP(A) =  2  len =          120  norm = 0.265759    
  Ms(A) =  -2/2  IRREP(A) =  3  len =           32  norm = 0.227413    
  Ms(A) =  -2/2  IRREP(A) =  4  len =           12  norm = 0.174775    
 norm (MS-Block) =   0.436547327570825     
  block no.   12 len =          309
  Ms(A) =   2/2  IRREP(A) =  1  len =           10  norm = 0.516990E-01
  Ms(A) =   2/2  IRREP(A) =  2  len =           24  norm = 0.838273E-01
 norm (MS-Block) =   9.848752690352781E-002
  Ms(A) =   0/2  IRREP(A) =  1  len =          145  norm = 0.298403    
  Ms(A) =   0/2  IRREP(A) =  2  len =           96  norm = 0.212607    
 norm (MS-Block) =   0.366396112634608     
  Ms(A) =  -2/2  IRREP(A) =  1  len =           10  norm = 0.516990E-01
  Ms(A) =  -2/2  IRREP(A) =  2  len =           24  norm = 0.838273E-01
 norm (MS-Block) =   9.848752690352781E-002
  block no.   13 len =         1842
  Ms(A) =   2/2  IRREP(A) =  1  len =          110  norm = 0.194120    
  Ms(A) =   2/2  IRREP(A) =  2  len =          120  norm = 0.265759    
  Ms(A) =   2/2  IRREP(A) =  3  len =           32  norm = 0.227413    
  Ms(A) =   2/2  IRREP(A) =  4  len =           12  norm = 0.174775    
 norm (MS-Block) =   0.436547327570825     
  Ms(A) =   0/2  IRREP(A) =  1  len =          638  norm = 0.512571    
  Ms(A) =   0/2  IRREP(A) =  2  len =          480  norm = 0.468936    
  Ms(A) =   0/2  IRREP(A) =  3  len =          128  norm = 0.420683    
  Ms(A) =   0/2  IRREP(A) =  4  len =           48  norm = 0.278522    
 norm (MS-Block) =   0.858591396129372     
  Ms(A) =  -2/2  IRREP(A) =  1  len =          110  norm = 0.194120    
  Ms(A) =  -2/2  IRREP(A) =  2  len =          120  norm = 0.265759    
  Ms(A) =  -2/2  IRREP(A) =  3  len =           32  norm = 0.227413    
  Ms(A) =  -2/2  IRREP(A) =  4  len =           12  norm = 0.174775    
 norm (MS-Block) =   0.436547327570825     
  block no.   14 len =         2505
  Ms(A) =   2/2  IRREP(A) =  1  len =          100  norm = 0.966895    
  Ms(A) =   2/2  IRREP(A) =  2  len =          144  norm =  1.08057    
  Ms(A) =   2/2  IRREP(A) =  3  len =           64  norm =  1.02475    
  Ms(A) =   2/2  IRREP(A) =  4  len =           36  norm = 0.908939    
 norm (MS-Block) =    1.99469312434103     
  Ms(A) =   0/2  IRREP(A) =  1  len =          841  norm =  2.12566    
  Ms(A) =   0/2  IRREP(A) =  2  len =          576  norm =  1.72374    
  Ms(A) =   0/2  IRREP(A) =  3  len =          256  norm =  1.56650    
  Ms(A) =   0/2  IRREP(A) =  4  len =          144  norm =  1.32934    
 norm (MS-Block) =    3.42210214070217     
  Ms(A) =  -2/2  IRREP(A) =  1  len =          100  norm = 0.966895    
  Ms(A) =  -2/2  IRREP(A) =  2  len =          144  norm =  1.08057    
  Ms(A) =  -2/2  IRREP(A) =  3  len =           64  norm =  1.02475    
  Ms(A) =  -2/2  IRREP(A) =  4  len =           36  norm = 0.908939    
 norm (MS-Block) =    1.99469312434103     
 total norm =    39.5165358376116     
 My next target: DIA
 Rule: CLONE_OPERATOR
 My next target: DIAG1SxxM00
 Rule: DEF_ME_LIST
 set_new_graph:            5
 set_new_graph:            6
 Rule: PRECONDITIONER
 set up diagonal from rank 1 part of H
 @ time for diagonal                   cpu/sys/wall:      0.00 /     0.00 /     0.00 s
 My next target: E(CC)
 Rule: DEF_SCALAR
 My next target: E0_CC
 Rule: INVARIANT
 My next target: OMG
 Rule: CLONE_OPERATOR
 My next target: OMG_CC
 Rule: DERIVATIVE
 nterms =           99
 My next target: DEF-O0
 Rule: DEF_ME_LIST
 My next target: DEF-T0
 Rule: DEF_ME_LIST
 My next target: DEF-E0(CC)
 Rule: DEF_ME_LIST
 My next target: Hhat
 Rule: CLONE_OPERATOR
 My next target: HT1TRF
 Rule: DEF_HHAT
 @ CC Hhat                             cpu/sys/wall:      0.02 /     0.00 /     0.02 s
 My next target: DEF-Hhat
 Rule: DEF_ME_LIST
 My next target: OMG_CC_OPT
 Rule: OPTIMIZE
 +======================+
 | Formula optimization |
 +======================+
 Number of operators defined:            8
 ----------------------------------------
  idx     op  vtx blk   current list
 ----------------------------------------
    1   L(CC)   1   1                  
    2       H   1  14                H0
    3       T   1   3                T0
    4    TBAR   1   3                  
    5     DIA   1   3       DIAG1SxxM00
    6   E(CC)   1   1            E0(CC)
    7     OMG   1   3                O0
    8    Hhat   1  14             H0hat
 ----------------------------------------
 Number of lists defined:            6
 ------------------------------------------------------------------------------
  idx           list  sym spn      length   op.             file
 ------------------------------------------------------------------------------
    1              H0  1  0         8921        H                    H0_list.da
    2     DIAG1SxxM00  1  0         2011      DIA           DIAG1SxxM00_list.da
    3              O0  1  0         2011      OMG                    O0_list.da
    4              T0  1  0         2011        T                    T0_list.da
    5          E0(CC)  1  0            1    E(CC)                E0(CC)_list.da
    6           H0hat  1  0         8921     Hhat                 H0hat_list.da
 ------------------------------------------------------------------------------
 Reading in:
  -- E0_CC
 read            5  entries
  -- OMG_CC
 read          100  entries
  I will factor out the intermediate: HT1TRF ...
 read           58  entries
  Now looking for the optimal factorization of terms ...
  Formula factorization
 -----------------------
  Summary
 ---------
 Most expensive contraction:  H^ 3 P^ 5 V^ 0 X^ 0
 Largest intermediate      : H^ 3 P^ 3 V^ 0 X^ 0
 My next target: SOLVE-CC-GS
 Rule: SOLVE_NLEQ
 read           99  entries
 Optimization algorithm:          DIIS
 Max. number of iterations:         25
 Threshold for residual:      0.10E-09
>>>  1        -38.821908746679 0.3920    
>>>  2        -38.885227112091 0.1077    
>>>  3        -38.901861451702 0.3535E-01
>>>  4        -38.907553839212 0.1577E-01
>>>  5        -38.908837398883 0.1000E-01
>>>  6        -38.909217675620 0.6349E-02
>>>  7        -38.909447787823 0.3000E-02
>>>  8        -38.909549743910 0.9147E-03
>>>  9        -38.909567968643 0.2872E-03
>>> 10        -38.909570004494 0.8398E-04
>>> 11        -38.909570274823 0.2896E-04
>>> 12        -38.909570309002 0.9619E-05
>>> 13        -38.909570269557 0.3107E-05
>>> 14        -38.909570261981 0.1027E-05
>>> 15        -38.909570243300 0.3393E-06
>>> 16        -38.909570236427 0.1223E-06
>>> 17        -38.909570231840 0.6388E-07
>>> 18        -38.909570229305 0.4233E-07
>>> 19        -38.909570225851 0.2214E-07
>>> 20        -38.909570224423 0.8917E-08
>>> 21        -38.909570224154 0.2678E-08
>>> 22        -38.909570224156 0.8711E-09
>>> 23        -38.909570224169 0.2701E-09
>>> 24        -38.909570224175 0.8545E-10
 CONVERGED IN    24 ITERATIONS
>>> final energy:        -38.909570224175 <<<
 ... all targets processed!
 +----------------------------------------------------------------------------+
   Maximum allocated memory:     386202 real(8)-words (    2.95 Mb)
   Largest memory block:         348200 real(8)-words (    2.66 Mb)
   Name of largest block:    contr1.contr_scr
 +----------------------------------------------------------------------------+
 @ total time in GeCCo run             cpu/sys/wall:     21.82 /     4.58 /    26.61 s
